<?xml version="1.0" encoding="utf-8"?><testsuites><testsuite name="pytest" errors="0" failures="0" skipped="0" tests="4" time="4.433" timestamp="2024-03-29T14:12:58.179294" hostname="caihong"><testcase classname="tests.api.test_api.TestBatchPipeline" name="test_should_failed_unknown_column_1" time="0.060" /><testcase classname="tests.api.test_api.TestBatchPipeline" name="test_should_failed_unknown_column_2" time="0.004" /><testcase classname="tests.api.test_api.TestBatchPipeline" name="test_should_failed_unknown_column_3" time="0.005" /><testcase classname="tests.api.test_api.TestBatchPipeline" name="test_should_get_predict" time="0.013" /></testsuite></testsuites>